$TYPE som
$GRID_TOPOLOGY planar
$GRID_LAYOUT rectangular
$XDIM 10
$YDIM 10
$ZDIM 1
$VEC_DIM 1248
$STORAGE_DATE 6/30/15 12:18 AM
$TRAINING_TIME 
$LEARNRATE_TYPE exponential
$LEARNRATE_INIT 0.75
$NEIGHBORHOOD_TYPE exponential
$NEIGHBORHOOD_INIT 5.0
$RAND_INIT 7
$ITERATIONS_TOTAL 1500
$NR_TRAINVEC_TOTAL 97
$ADAPTIVE_COORDINATES_THRESHOLD 
$VEC_NORMALIZED false
$QUANTERROR_MAP 4.812973250754633
$QUANTERROR_VEC 0.04961828093561477
$URL_TRAINING_VEC C:\Eclipse workspace\SOM\MySOM.tfxidf
$URL_TRAINING_VEC_DESCR 
$URL_WEIGHT_VEC C:\Eclipse workspace\SOM\.\output\MySOM.wgt
$URL_QUANTERR_MAP 
$URL_MAPPED_INPUT_VEC 
$URL_MAPPED_INPUT_VEC_DESCR 
$URL_UNIT_DESCR C:\Eclipse workspace\SOM\.\output\MySOM.unit
$URL_TEMPLATE_VECTOR C:\Eclipse workspace\SOM\MySOM.tv
$URL_DATA_WINNER_MAPPING C:\Eclipse workspace\SOM\.\output\MySOM.dwm
$URL_CLASS_INFO 
$URL_LABELS 
$METRIC at.tuwien.ifs.somtoolbox.layers.metrics.L2Metric
$LAYER_REVISION $Revision: 4245 $
$DESCRIPTION 
$AVAILABLE_VIS 
$DATA_TYPE unknown
$DATA_DIM 
